GamepadInput: loaded 452 controller mappings from bundled database
GamepadInput: controller connected - Pro Controller
GamepadInput: SDL mapping string - 0300d71f632500007605000010010000,Pro Controller,a:b0,b:b1,x:b3,y:b4,back:b10,guide:b12,start:b11,leftshoulder:b6,rightshoulder:b7,dpup:h0.1,dpdown:h0.4,dpleft:h0.8,dpright:h0.2,leftx:a0,lefty:a1,rightx:a2,righty:a3,lefttrigger:a2,righttrigger:a3,crc:1fd7,platform:Linux
qt.multimedia.ffmpeg: Using Qt multimedia with FFmpeg version 6.1.2 GPL version 3 or later
qt.multimedia.ffmpeg: Available HW decoding frameworks:
Failed to open VDPAU backend libvdpau_nvidia.so: cannot open shared object file: No such file or directory
qt.multimedia.ffmpeg:      vaapi
qt.multimedia.ffmpeg:      vulkan
qt.multimedia.ffmpeg: Available HW encoding frameworks:
qt.multimedia.ffmpeg:      vaapi
qt.multimedia.ffmpeg:      vulkan
qrc:/ProjectDex/src/qml/GameTile.qml:87:9: QML QQuickImage: Error decoding: file:///home/dexter/.cache/project-dex/boxart/3846120.jpg: Unsupported image format
[hls @ 0x7ff374063340] Skip ('#EXT-X-VERSION:7')
[hls @ 0x7ff374063340] Skip ('#EXT-X-INDEPENDENT-SEGMENTS')
[hls @ 0x7ff374063340] Opening 'https://video.akamai.steamstatic.com/store_trailers/108600/619982392/141cfd121ea068a87c023951bdbfee87ca524de1/1785320937/hls_264_4_audio.m3u8' for reading
[hls @ 0x7ff374063340] Skip ('#EXT-X-VERSION:7')
[hls @ 0x7ff374063340] Skip ('#EXT-X-INDEPENDENT-SEGMENTS')
[https @ 0x7ff37505e0c0] Opening 'https://video.akamai.steamstatic.com/store_trailers/108600/619982392/141cfd121ea068a87c023951bdbfee87ca524de1/1785320937/hls_264_0_video.m3u8' for reading
[hls @ 0x7ff374063340] Skip ('#EXT-X-VERSION:7')
[hls @ 0x7ff374063340] Skip ('#EXT-X-INDEPENDENT-SEGMENTS')
[https @ 0x7ff37505e0c0] Opening 'https://video.akamai.steamstatic.com/store_trailers/108600/619982392/141cfd121ea068a87c023951bdbfee87ca524de1/1785320937/hls_264_1_video.m3u8' for reading
[hls @ 0x7ff374063340] Skip ('#EXT-X-VERSION:7')
[hls @ 0x7ff374063340] Skip ('#EXT-X-INDEPENDENT-SEGMENTS')
[https @ 0x7ff37505e0c0] Opening 'https://video.akamai.steamstatic.com/store_trailers/108600/619982392/141cfd121ea068a87c023951bdbfee87ca524de1/1785320937/hls_264_2_video.m3u8' for reading
[hls @ 0x7ff374063340] Skip ('#EXT-X-VERSION:7')
[hls @ 0x7ff374063340] Skip ('#EXT-X-INDEPENDENT-SEGMENTS')
[https @ 0x7ff37505e0c0] Opening 'https://video.akamai.steamstatic.com/store_trailers/108600/619982392/141cfd121ea068a87c023951bdbfee87ca524de1/1785320937/hls_264_3_video.m3u8' for reading
[hls @ 0x7ff374063340] Skip ('#EXT-X-VERSION:7')
[hls @ 0x7ff374063340] Skip ('#EXT-X-INDEPENDENT-SEGMENTS')
[hls @ 0x7ff374063340] Opening 'https://video.akamai.steamstatic.com/store_trailers/108600/619982392/141cfd121ea068a87c023951bdbfee87ca524de1/1785320937/dash_h264/init-stream4.m4s' for reading
[hls @ 0x7ff374063340] Opening 'https://video.akamai.steamstatic.com/store_trailers/108600/619982392/141cfd121ea068a87c023951bdbfee87ca524de1/1785320937/dash_h264/chunk-stream4-00001.m4s' for reading
[hls @ 0x7ff374063340] Opening 'https://video.akamai.steamstatic.com/store_trailers/108600/619982392/141cfd121ea068a87c023951bdbfee87ca524de1/1785320937/dash_h264/chunk-stream4-00002.m4s' for reading
[hls @ 0x7ff374063340] Opening 'https://video.akamai.steamstatic.com/store_trailers/108600/619982392/141cfd121ea068a87c023951bdbfee87ca524de1/1785320937/dash_h264/init-stream0.m4s' for reading
[hls @ 0x7ff374063340] Opening 'https://video.akamai.steamstatic.com/store_trailers/108600/619982392/141cfd121ea068a87c023951bdbfee87ca524de1/1785320937/dash_h264/chunk-stream0-00001.m4s' for reading
[hls @ 0x7ff374063340] Opening 'https://video.akamai.steamstatic.com/store_trailers/108600/619982392/141cfd121ea068a87c023951bdbfee87ca524de1/1785320937/dash_h264/chunk-stream0-00002.m4s' for reading
[hls @ 0x7ff374063340] Opening 'https://video.akamai.steamstatic.com/store_trailers/108600/619982392/141cfd121ea068a87c023951bdbfee87ca524de1/1785320937/dash_h264/init-stream1.m4s' for reading
[hls @ 0x7ff374063340] Opening 'https://video.akamai.steamstatic.com/store_trailers/108600/619982392/141cfd121ea068a87c023951bdbfee87ca524de1/1785320937/dash_h264/chunk-stream1-00001.m4s' for reading
[hls @ 0x7ff374063340] Opening 'https://video.akamai.steamstatic.com/store_trailers/108600/619982392/141cfd121ea068a87c023951bdbfee87ca524de1/1785320937/dash_h264/chunk-stream1-00002.m4s' for reading
[hls @ 0x7ff374063340] Opening 'https://video.akamai.steamstatic.com/store_trailers/108600/619982392/141cfd121ea068a87c023951bdbfee87ca524de1/1785320937/dash_h264/init-stream2.m4s' for reading
[hls @ 0x7ff374063340] Opening 'https://video.akamai.steamstatic.com/store_trailers/108600/619982392/141cfd121ea068a87c023951bdbfee87ca524de1/1785320937/dash_h264/chunk-stream2-00001.m4s' for reading
[hls @ 0x7ff374063340] Opening 'https://video.akamai.steamstatic.com/store_trailers/108600/619982392/141cfd121ea068a87c023951bdbfee87ca524de1/1785320937/dash_h264/chunk-stream2-00002.m4s' for reading
[hls @ 0x7ff374063340] Opening 'https://video.akamai.steamstatic.com/store_trailers/108600/619982392/141cfd121ea068a87c023951bdbfee87ca524de1/1785320937/dash_h264/init-stream3.m4s' for reading
[hls @ 0x7ff374063340] Opening 'https://video.akamai.steamstatic.com/store_trailers/108600/619982392/141cfd121ea068a87c023951bdbfee87ca524de1/1785320937/dash_h264/chunk-stream3-00001.m4s' for reading
[hls @ 0x7ff374063340] Opening 'https://video.akamai.steamstatic.com/store_trailers/108600/619982392/141cfd121ea068a87c023951bdbfee87ca524de1/1785320937/dash_h264/chunk-stream3-00002.m4s' for reading
qt.multimedia.ffmpeg.mediadataholder: AVStream duration -9223372036854775808 is invalid. Taking it from the metadata
qt.multimedia.ffmpeg.mediadataholder: AVStream duration -9223372036854775808 is invalid. Taking it from the metadata
qt.multimedia.ffmpeg.mediadataholder: AVStream duration -9223372036854775808 is invalid. Taking it from the metadata
qt.multimedia.ffmpeg.mediadataholder: AVStream duration -9223372036854775808 is invalid. Taking it from the metadata
qt.multimedia.ffmpeg.mediadataholder: AVStream duration -9223372036854775808 is invalid. Taking it from the metadata
qt.multimedia.playbackengine.codec: "No HW decoder found"
[hls @ 0x7ff374063340] Opening 'https://video.akamai.steamstatic.com/store_trailers/108600/619982392/141cfd121ea068a87c023951bdbfee87ca524de1/1785320937/dash_h264/init-stream4.m4s' for reading
[hls @ 0x7ff374063340] Opening 'https://video.akamai.steamstatic.com/store_trailers/108600/619982392/141cfd121ea068a87c023951bdbfee87ca524de1/1785320937/dash_h264/chunk-stream4-00001.m4s' for reading
[hls @ 0x7ff374063340] Opening 'https://video.akamai.steamstatic.com/store_trailers/108600/619982392/141cfd121ea068a87c023951bdbfee87ca524de1/1785320937/dash_h264/chunk-stream4-00002.m4s' for reading
[hls @ 0x7ff374063340] Opening 'https://video.akamai.steamstatic.com/store_trailers/108600/619982392/141cfd121ea068a87c023951bdbfee87ca524de1/1785320937/dash_h264/init-stream0.m4s' for reading
[hls @ 0x7ff374063340] Opening 'https://video.akamai.steamstatic.com/store_trailers/108600/619982392/141cfd121ea068a87c023951bdbfee87ca524de1/1785320937/dash_h264/chunk-stream0-00001.m4s' for reading
[hls @ 0x7ff374063340] Opening 'https://video.akamai.steamstatic.com/store_trailers/108600/619982392/141cfd121ea068a87c023951bdbfee87ca524de1/1785320937/dash_h264/chunk-stream0-00002.m4s' for reading
[https @ 0x7ff3380fb500] Opening 'https://video.akamai.steamstatic.com/store_trailers/108600/619982392/141cfd121ea068a87c023951bdbfee87ca524de1/1785320937/dash_h264/chunk-stream0-00003.m4s' for reading
[hls @ 0x7ff374063340] Opening 'https://video.akamai.steamstatic.com/store_trailers/108600/619982392/141cfd121ea068a87c023951bdbfee87ca524de1/1785320937/dash_h264/init-stream1.m4s' for reading
[hls @ 0x7ff374063340] Opening 'https://video.akamai.steamstatic.com/store_trailers/108600/619982392/141cfd121ea068a87c023951bdbfee87ca524de1/1785320937/dash_h264/chunk-stream1-00001.m4s' for reading
[hls @ 0x7ff374063340] Opening 'https://video.akamai.steamstatic.com/store_trailers/108600/619982392/141cfd121ea068a87c023951bdbfee87ca524de1/1785320937/dash_h264/chunk-stream1-00002.m4s' for reading
[hls @ 0x7ff374063340] Opening 'https://video.akamai.steamstatic.com/store_trailers/108600/619982392/141cfd121ea068a87c023951bdbfee87ca524de1/1785320937/dash_h264/init-stream2.m4s' for reading
qrc:/ProjectDex/src/qml/GameTile.qml:87:9: QML QQuickImage: Error decoding: file:///home/dexter/.cache/project-dex/boxart/4108000.jpg: Unsupported image format
[hls @ 0x7ff374063340] Opening 'https://video.akamai.steamstatic.com/store_trailers/108600/619982392/141cfd121ea068a87c023951bdbfee87ca524de1/1785320937/dash_h264/chunk-stream2-00001.m4s' for reading
[hls @ 0x7ff374063340] Opening 'https://video.akamai.steamstatic.com/store_trailers/108600/619982392/141cfd121ea068a87c023951bdbfee87ca524de1/1785320937/dash_h264/chunk-stream2-00002.m4s' for reading
[hls @ 0x7ff374063340] Opening 'https://video.akamai.steamstatic.com/store_trailers/108600/619982392/141cfd121ea068a87c023951bdbfee87ca524de1/1785320937/dash_h264/init-stream3.m4s' for reading
[hls @ 0x7ff374063340] Opening 'https://video.akamai.steamstatic.com/store_trailers/108600/619982392/141cfd121ea068a87c023951bdbfee87ca524de1/1785320937/dash_h264/chunk-stream3-00001.m4s' for reading
[hls @ 0x7ff374063340] Opening 'https://video.akamai.steamstatic.com/store_trailers/108600/619982392/141cfd121ea068a87c023951bdbfee87ca524de1/1785320937/dash_h264/chunk-stream3-00002.m4s' for reading
[https @ 0x7ff338124780] Opening 'https://video.akamai.steamstatic.com/store_trailers/108600/619982392/141cfd121ea068a87c023951bdbfee87ca524de1/1785320937/dash_h264/chunk-stream1-00003.m4s' for reading
[https @ 0x7ff338047240] Opening 'https://video.akamai.steamstatic.com/store_trailers/108600/619982392/141cfd121ea068a87c023951bdbfee87ca524de1/1785320937/dash_h264/chunk-stream2-00003.m4s' for reading
[https @ 0x7ff33808fc80] Opening 'https://video.akamai.steamstatic.com/store_trailers/108600/619982392/141cfd121ea068a87c023951bdbfee87ca524de1/1785320937/dash_h264/chunk-stream3-00003.m4s' for reading
[https @ 0x7ff3380b6c80] Opening 'https://video.akamai.steamstatic.com/store_trailers/108600/619982392/141cfd121ea068a87c023951bdbfee87ca524de1/1785320937/dash_h264/chunk-stream4-00003.m4s' for reading
[https @ 0x7ff3380ab140] Opening 'https://video.akamai.steamstatic.com/store_trailers/108600/619982392/141cfd121ea068a87c023951bdbfee87ca524de1/1785320937/dash_h264/chunk-stream0-00004.m4s' for reading
[https @ 0x7ff3380d8f00] Opening 'https://video.akamai.steamstatic.com/store_trailers/108600/619982392/141cfd121ea068a87c023951bdbfee87ca524de1/1785320937/dash_h264/chunk-stream1-00004.m4s' for reading
[https @ 0x7ff3380c0d40] Opening 'https://video.akamai.steamstatic.com/store_trailers/108600/619982392/141cfd121ea068a87c023951bdbfee87ca524de1/1785320937/dash_h264/chunk-stream2-00004.m4s' for reading
[https @ 0x7ff3381bafc0] Opening 'https://video.akamai.steamstatic.com/store_trailers/108600/619982392/141cfd121ea068a87c023951bdbfee87ca524de1/1785320937/dash_h264/chunk-stream3-00004.m4s' for reading
[https @ 0x7ff338059240] Opening 'https://video.akamai.steamstatic.com/store_trailers/108600/619982392/141cfd121ea068a87c023951bdbfee87ca524de1/1785320937/dash_h264/chunk-stream4-00004.m4s' for reading
[https @ 0x7ff3380fb500] Opening 'https://video.akamai.steamstatic.com/store_trailers/108600/619982392/141cfd121ea068a87c023951bdbfee87ca524de1/1785320937/dash_h264/chunk-stream0-00005.m4s' for reading
[https @ 0x7ff338124780] Opening 'https://video.akamai.steamstatic.com/store_trailers/108600/619982392/141cfd121ea068a87c023951bdbfee87ca524de1/1785320937/dash_h264/chunk-stream1-00005.m4s' for reading
[https @ 0x7ff338047240] Opening 'https://video.akamai.steamstatic.com/store_trailers/108600/619982392/141cfd121ea068a87c023951bdbfee87ca524de1/1785320937/dash_h264/chunk-stream2-00005.m4s' for reading
[https @ 0x7ff33808fc80] Opening 'https://video.akamai.steamstatic.com/store_trailers/108600/619982392/141cfd121ea068a87c023951bdbfee87ca524de1/1785320937/dash_h264/chunk-stream3-00005.m4s' for reading
[https @ 0x7ff3380b6c80] Opening 'https://video.akamai.steamstatic.com/store_trailers/108600/619982392/141cfd121ea068a87c023951bdbfee87ca524de1/1785320937/dash_h264/chunk-stream4-00005.m4s' for reading
[https @ 0x7ff338059240] Opening 'https://video.akamai.steamstatic.com/store_trailers/108600/619982392/141cfd121ea068a87c023951bdbfee87ca524de1/1785320937/dash_h264/chunk-stream4-00006.m4s' for reading
[https @ 0x7ff3380ab140] Opening 'https://video.akamai.steamstatic.com/store_trailers/108600/619982392/141cfd121ea068a87c023951bdbfee87ca524de1/1785320937/dash_h264/chunk-stream0-00006.m4s' for reading
[https @ 0x7ff3380d8f00] Opening 'https://video.akamai.steamstatic.com/store_trailers/108600/619982392/141cfd121ea068a87c023951bdbfee87ca524de1/1785320937/dash_h264/chunk-stream1-00006.m4s' for reading
[https @ 0x7ff3380c0d40] Opening 'https://video.akamai.steamstatic.com/store_trailers/108600/619982392/141cfd121ea068a87c023951bdbfee87ca524de1/1785320937/dash_h264/chunk-stream2-00006.m4s' for reading
[https @ 0x7ff3381bafc0] Opening 'https://video.akamai.steamstatic.com/store_trailers/108600/619982392/141cfd121ea068a87c023951bdbfee87ca524de1/1785320937/dash_h264/chunk-stream3-00006.m4s' for reading
qt.gui.imageio: libpng warning: iCCP: known incorrect sRGB profile
qt.gui.imageio: libpng warning: iCCP: known incorrect sRGB profile
[https @ 0x7ff3380fb500] Opening 'https://video.akamai.steamstatic.com/store_trailers/108600/619982392/141cfd121ea068a87c023951bdbfee87ca524de1/1785320937/dash_h264/chunk-stream0-00007.m4s' for reading
[https @ 0x7ff338124780] Opening 'https://video.akamai.steamstatic.com/store_trailers/108600/619982392/141cfd121ea068a87c023951bdbfee87ca524de1/1785320937/dash_h264/chunk-stream1-00007.m4s' for reading
[https @ 0x7ff338047240] Opening 'https://video.akamai.steamstatic.com/store_trailers/108600/619982392/141cfd121ea068a87c023951bdbfee87ca524de1/1785320937/dash_h264/chunk-stream2-00007.m4s' for reading
[https @ 0x7ff33808fc80] Opening 'https://video.akamai.steamstatic.com/store_trailers/108600/619982392/141cfd121ea068a87c023951bdbfee87ca524de1/1785320937/dash_h264/chunk-stream3-00007.m4s' for reading
[https @ 0x7ff3380b6c80] Opening 'https://video.akamai.steamstatic.com/store_trailers/108600/619982392/141cfd121ea068a87c023951bdbfee87ca524de1/1785320937/dash_h264/chunk-stream4-00007.m4s' for reading
[https @ 0x7ff3380ab140] Opening 'https://video.akamai.steamstatic.com/store_trailers/108600/619982392/141cfd121ea068a87c023951bdbfee87ca524de1/1785320937/dash_h264/chunk-stream0-00008.m4s' for reading
[https @ 0x7ff3380d8f00] Opening 'https://video.akamai.steamstatic.com/store_trailers/108600/619982392/141cfd121ea068a87c023951bdbfee87ca524de1/1785320937/dash_h264/chunk-stream1-00008.m4s' for reading
[https @ 0x7ff3380c0d40] Opening 'https://video.akamai.steamstatic.com/store_trailers/108600/619982392/141cfd121ea068a87c023951bdbfee87ca524de1/1785320937/dash_h264/chunk-stream2-00008.m4s' for reading
[https @ 0x7ff3381bafc0] Opening 'https://video.akamai.steamstatic.com/store_trailers/108600/619982392/141cfd121ea068a87c023951bdbfee87ca524de1/1785320937/dash_h264/chunk-stream3-00008.m4s' for reading
[https @ 0x7ff338059240] Opening 'https://video.akamai.steamstatic.com/store_trailers/108600/619982392/141cfd121ea068a87c023951bdbfee87ca524de1/1785320937/dash_h264/chunk-stream4-00008.m4s' for reading
[https @ 0x7ff3380b6c80] Opening 'https://video.akamai.steamstatic.com/store_trailers/108600/619982392/141cfd121ea068a87c023951bdbfee87ca524de1/1785320937/dash_h264/chunk-stream4-00009.m4s' for reading
[https @ 0x7ff3380fb500] Opening 'https://video.akamai.steamstatic.com/store_trailers/108600/619982392/141cfd121ea068a87c023951bdbfee87ca524de1/1785320937/dash_h264/chunk-stream0-00009.m4s' for reading
[https @ 0x7ff338124780] Opening 'https://video.akamai.steamstatic.com/store_trailers/108600/619982392/141cfd121ea068a87c023951bdbfee87ca524de1/1785320937/dash_h264/chunk-stream1-00009.m4s' for reading
[https @ 0x7ff338047240] Opening 'https://video.akamai.steamstatic.com/store_trailers/108600/619982392/141cfd121ea068a87c023951bdbfee87ca524de1/1785320937/dash_h264/chunk-stream2-00009.m4s' for reading
[https @ 0x7ff33808fc80] Opening 'https://video.akamai.steamstatic.com/store_trailers/108600/619982392/141cfd121ea068a87c023951bdbfee87ca524de1/1785320937/dash_h264/chunk-stream3-00009.m4s' for reading
